Archive Project report for proc_uniciclo
Mon Nov 16 00:30:39 2020
Quartus Prime Version 18.1.0 Build 625 09/12/2018 SJ Lite Edition


---------------------
; Table of Contents ;
---------------------
  1. Legal Notice
  2. Archive Project Summary
  3. Archive Project Messages
  4. Files Archived



----------------
; Legal Notice ;
----------------
Copyright (C) 2018  Intel Corporation. All rights reserved.
Your use of Intel Corporation's design tools, logic functions 
and other software and tools, and its AMPP partner logic 
functions, and any output files from any of the foregoing 
(including device programming or simulation files), and any 
associated documentation or information are expressly subject 
to the terms and conditions of the Intel Program License 
Subscription Agreement, the Intel Quartus Prime License Agreement,
the Intel FPGA IP License Agreement, or other applicable license
agreement, including, without limitation, that your use is for
the sole purpose of programming logic devices manufactured by
Intel and sold by Intel or its authorized distributors.  Please
refer to the applicable agreement for further details.



+----------------------------------------------------------------+
; Archive Project Summary                                        ;
+------------------------+---------------------------------------+
; Archive Project Status ; Successful - Mon Nov 16 00:30:39 2020 ;
; Revision Name          ; proc_uniciclo                         ;
; Top-level Entity Name  ; CamDado                               ;
; Family                 ; Cyclone V                             ;
+------------------------+---------------------------------------+


+--------------------------+
; Archive Project Messages ;
+--------------------------+
Info: File Set 'Source control' contains:
    Info: Project source and settings files
    Info: Automatically detected source files
Warning: Hierarchical Platform Designer systems and custom IP components(_hw.tcl and associated files) are not archived by the Quartus Archiver
Warning: Excluding 'Automatically detected source files' The Quartus Prime software may not be able to automatically locate all project files.
Info: Archive will store files relative to the closest common parent directory
Info (13213): Using common directory D:/Enzo/offline/Unb/OAC_LAMAR/lab3/oac-labs-master/oac-lab3/proc_uniciclo_restored/
Info: ----------------------------------------------------------
Info: ----------------------------------------------------------
Info: Generated archive 'D:/Enzo/offline/Unb/OAC_LAMAR/lab3/oac-labs-master/oac-lab3/proc_uniciclo_restored/proc_uniciclo.qar'
Info: ----------------------------------------------------------
Info: ----------------------------------------------------------
Info: Generated report 'proc_uniciclo.archive.rpt'
Info (23030): Evaluation of Tcl script d:/enzo/offline/quartus/quartus/common/tcl/apps/qpm/qar.tcl was successful
Info: Quartus Prime Shell was successful. 0 errors, 2 warnings
    Info: Peak virtual memory: 4827 megabytes
    Info: Processing ended: Mon Nov 16 00:30:39 2020
    Info: Elapsed time: 00:00:01
    Info: Total CPU time (on all processors): 00:00:01


+-------------------------+
; Files Archived          ;
+-------------------------+
; File Name               ;
+-------------------------+
; Add.v                   ;
; AND.v                   ;
; assignment_defaults.qdf ;
; BancoReg.v              ;
; CamDado.v               ;
; Controlador.v           ;
; GerImm.v                ;
; MemDados.v              ;
; MemInst.v               ;
; MUX.v                   ;
; proc_uniciclo.qpf       ;
; proc_uniciclo.qsf       ;
; ULA.v                   ;
; Waveform.vwf            ;
; Waveform1.vwf           ;
+-------------------------+


